// Jest Snapshot v1, https://goo.gl/fbAQLP

exports[`Strict mode should correctly throw on variables 1`] = `
Object {
  "body": Array [
    Object {
      "body": Array [
        Object {
          "comments": Array [],
          "dynamic": false,
          "property": "paddingLeft",
          "raw": false,
          "type": "Declaration",
          "value": Object {
            "negative": false,
            "type": "Integer",
            "value": 10,
          },
        },
      ],
      "comments": Array [],
      "name": "Button",
      "type": "Style",
    },
  ],
  "type": "File",
}
`;
