// Jest Snapshot v1, https://goo.gl/fbAQLP

exports[`Normalizing colors should correctly set color formats 1`] = `
Object {
  "body": Array [
    Object {
      "body": Array [
        Object {
          "comments": Array [],
          "dynamic": false,
          "property": "backgroundColor",
          "raw": false,
          "type": "Declaration",
          "value": Object {
            "type": "Identifier",
            "value": "red",
          },
        },
        Object {
          "comments": Array [],
          "dynamic": false,
          "property": "borderBottomColor",
          "raw": false,
          "type": "Declaration",
          "value": Object {
            "callee": "rgb",
            "params": Array [
              Object {
                "negative": false,
                "type": "Integer",
                "value": 255,
              },
              Object {
                "negative": false,
                "type": "Integer",
                "value": 100,
              },
              Object {
                "negative": false,
                "type": "Integer",
                "value": 50,
              },
            ],
            "type": "FunctionExpression",
          },
        },
      ],
      "comments": Array [],
      "name": "Button",
      "type": "Style",
    },
  ],
  "type": "File",
}
`;
